Copyright 1986-2015 Xilinx, Inc. All Rights Reserved.
--------------------------------------------------------------------------------------
| Tool Version : Vivado v.2015.4 (win64) Build 1412921 Wed Nov 18 09:43:45 MST 2015
| Date         : Wed May 16 13:52:59 2018
| Host         : NaifMehanna-Laptop running 64-bit major release  (build 9200)
| Command      : report_control_sets -verbose -file topmodule_control_sets_placed.rpt
| Design       : topmodule
| Device       : xc7a35t
--------------------------------------------------------------------------------------

Control Set Information

Table of Contents
-----------------
1. Summary
2. Flip-Flop Distribution
3. Detailed Control Set Information

1. Summary
----------

+-------------------------------------------------------------------+-------+
|                               Status                              | Count |
+-------------------------------------------------------------------+-------+
| Number of unique control sets                                     |     9 |
| Minimum Number of register sites lost to control set restrictions |    23 |
+-------------------------------------------------------------------+-------+


2. Flip-Flop Distribution
-------------------------

+--------------+-----------------------+------------------------+-----------------+--------------+
| Clock Enable | Synchronous Set/Reset | Asynchronous Set/Reset | Total Registers | Total Slices |
+--------------+-----------------------+------------------------+-----------------+--------------+
| No           | No                    | No                     |              61 |           23 |
| No           | No                    | Yes                    |              45 |           11 |
| No           | Yes                   | No                     |               5 |            1 |
| Yes          | No                    | No                     |              82 |           36 |
| Yes          | No                    | Yes                    |               0 |            0 |
| Yes          | Yes                   | No                     |               0 |            0 |
+--------------+-----------------------+------------------------+-----------------+--------------+


3. Detailed Control Set Information
-----------------------------------

+--------------------------+------------------------------------+------------------+------------------+----------------+
|       Clock Signal       |            Enable Signal           | Set/Reset Signal | Slice Load Count | Bel Load Count |
+--------------------------+------------------------------------+------------------+------------------+----------------+
|  dividedClockSlower_BUFG |                                    | O_leds_OBUF[0]   |                1 |              5 |
|  uut_freqdiv/temp        |                                    |                  |                4 |             13 |
|  dividedClockSlower_BUFG | uut_controlunit/E[0]               |                  |                5 |             16 |
|  dividedClockSlower_BUFG | uut_controlunit/Q[0]               |                  |                4 |             17 |
|  dividedClockSlower_BUFG | uut_controlunit/Q[1]               |                  |               16 |             17 |
|  dividedClockSlower_BUFG | uut_controlunit/O_dataB_reg[15][0] |                  |               11 |             32 |
|  I_clk_IBUF_BUFG         |                                    | O_leds_OBUF[0]   |               11 |             45 |
|  dividedClockSlower_BUFG | uut_alu/p_0_in                     |                  |                6 |             48 |
|  dividedClockSlower_BUFG |                                    |                  |               23 |             64 |
+--------------------------+------------------------------------+------------------+------------------+----------------+


